$ npm run build && npm run typecheck && npm test && npm run check:package && npm run typecheck:demo && npm run build:demo && npm run build:vanilla && npm run build:react && npm run test:browser

> web-sdk-pp-tracking@0.1.0 build
> node scripts/build.mjs

ESM、CommonJS 与类型声明构建完成。

> web-sdk-pp-tracking@0.1.0 typecheck
> tsc --noEmit


> web-sdk-pp-tracking@0.1.0 test
> vitest run


 RUN  v3.2.4 F:/git/00_chenmohan/github/web-sdk-PP-Tracking

 ✓ tests/tracker.test.ts (16 tests) 38ms
 ✓ tests/assignment.test.ts (6 tests) 80ms
 ✓ tests/demo.test.ts (5 tests) 38ms
 ✓ tests/kalman.test.ts (2 tests) 631ms
   ✓ 长期重复更新协方差有限、对称，尺寸保持正数  610ms

 Test Files  4 passed (4)
      Tests  29 passed (29)
   Start at  09:31:04
   Duration  1.30s (transform 202ms, setup 0ms, collect 461ms, tests 787ms, environment 2ms, prepare 871ms)


> web-sdk-pp-tracking@0.1.0 check:package
> node scripts/check-package.mjs

{
  "filename": "web-sdk-pp-tracking-0.1.0.tgz",
  "size": 15170,
  "unpackedSize": 54890,
  "files": [
    "LICENSE",
    "NOTICE",
    "README.en.md",
    "README.md",
    "dist/assignment.d.ts",
    "dist/errors.d.ts",
    "dist/index.cjs",
    "dist/index.d.ts",
    "dist/index.js",
    "dist/kalman.d.ts",
    "dist/tracker.d.ts",
    "dist/types.d.ts",
    "package.json"
  ]
}
实际 npm pack、双格式导入与发行文件检查通过。

> web-sdk-pp-tracking@0.1.0 typecheck:demo
> tsc --noEmit -p demo/tsconfig.json


> web-sdk-pp-tracking@0.1.0 build:demo
> vite build --config demo/vite.config.ts

vite v7.3.6 building client environment for production...
transforming...
✓ 33 modules transformed.
rendering chunks...
computing gzip size...
dist/index.html                   0.38 kB │ gzip:  0.30 kB
dist/assets/index-D1IHHXXY.css    4.82 kB │ gzip:  1.49 kB
dist/assets/index-AL7zymDp.js   218.51 kB │ gzip: 71.09 kB
✓ built in 939ms

> web-sdk-pp-tracking@0.1.0 build:vanilla
> vite build examples/vanilla --base ./

vite v7.3.6 building client environment for production...
transforming...
✓ 5 modules transformed.
rendering chunks...
computing gzip size...
dist/index.html                0.73 kB │ gzip: 0.52 kB
dist/assets/index-DYeReUQe.js  8.94 kB │ gzip: 4.09 kB
✓ built in 181ms

> web-sdk-pp-tracking@0.1.0 build:react
> vite build --config examples/react/vite.config.ts

vite v7.3.6 building client environment for production...
transforming...
✓ 33 modules transformed.
rendering chunks...
computing gzip size...
../examples/react/dist/index.html                   0.38 kB │ gzip:  0.30 kB
../examples/react/dist/assets/index-D1IHHXXY.css    4.82 kB │ gzip:  1.49 kB
../examples/react/dist/assets/index-AL7zymDp.js   218.51 kB │ gzip: 71.09 kB
✓ built in 894ms

> web-sdk-pp-tracking@0.1.0 test:browser
> node tests/browser.mjs

{
  "testedAt": "2026-09-19T01:31:44.153Z",
  "browser": "153.0.8010.12",
  "platform": "win32",
  "runtimeVersion": "web-sdk-pp-tracking@0.1.0",
  "checks": [
    "中文默认、英文切换不改变帧/ID/结果",
    "单步、播放、暂停继续、重播清空轨迹和历史",
    "四场景实际播放到末帧；低分续接和遮挡高分恢复；导出原始时间",
    "真实键盘seek复位顺序重算，lost虚线、空分数",
    "单帧导入/重复同文件/导出；逆序、坏JSON、超5MiB失败均保留原结果",
    "参数错误原子性；合法参数实际生效并清空本轮",
    "空检测序列真实空结果",
    "390px中英文无横向溢出",
    "Vanilla构建包单步/复位/CPU实际结果"
  ],
  "pageErrors": [],
  "screenshots": [
    "F:\\git\\00_chenmohan\\github\\web-sdk-PP-Tracking\\.tmp\\browser\\desktop.png",
    "F:\\git\\00_chenmohan\\github\\web-sdk-PP-Tracking\\.tmp\\browser\\english.png",
    "F:\\git\\00_chenmohan\\github\\web-sdk-PP-Tracking\\.tmp\\browser\\occlusion.png",
    "F:\\git\\00_chenmohan\\github\\web-sdk-PP-Tracking\\.tmp\\browser\\mobile.png",
    "F:\\git\\00_chenmohan\\github\\web-sdk-PP-Tracking\\.tmp\\browser\\vanilla.png"
  ]
}
