{
  "identity": {
    "IDF1": 0.4875513657239546,
    "IDSW": 44,
    "MOTA": 0.4824413145539906,
    "FP": 168,
    "FN": 2544,
    "TP": 2781,
    "GT": 5325,
    "Frag": 60,
    "IDTP": 2017,
    "IDFP": 932,
    "IDFN": 3308
  },
  "translation": {
    "IDF1": 0.4582477341389728,
    "IDSW": 40,
    "MOTA": 0.48826291079812206,
    "FP": 155,
    "FN": 2530,
    "TP": 2795,
    "GT": 5325,
    "Frag": 59,
    "IDTP": 1896,
    "IDFP": 1054,
    "IDFN": 3429
  },
  "full": {
    "IDF1": 0.45274353396180805,
    "IDSW": 45,
    "MOTA": 0.49690140845070424,
    "FP": 129,
    "FN": 2505,
    "TP": 2820,
    "GT": 5325,
    "Frag": 59,
    "IDTP": 1873,
    "IDFP": 1076,
    "IDFN": 3452
  }
}
