{
  "identity": {
    "IDF1": 0.48292219560948035,
    "IDSW": 1101,
    "MOTA": 0.4440100804117652,
    "FP": 4169,
    "FN": 57166,
    "TP": 55131,
    "GT": 112297,
    "Frag": 1318,
    "IDTP": 41434,
    "IDFP": 17866,
    "IDFN": 70863
  },
  "cmc": {
    "IDF1": 0.5458501058705819,
    "IDSW": 519,
    "MOTA": 0.47716323677391204,
    "FP": 2754,
    "FN": 55440,
    "TP": 56857,
    "GT": 112297,
    "Frag": 965,
    "IDTP": 46918,
    "IDFP": 12693,
    "IDFN": 65379
  },
  "cmc-reid": {
    "IDF1": 0.5534872898609737,
    "IDSW": 489,
    "MOTA": 0.4778043937059761,
    "FP": 2734,
    "FN": 55418,
    "TP": 56879,
    "GT": 112297,
    "Frag": 970,
    "IDTP": 47575,
    "IDFP": 12038,
    "IDFN": 64722
  }
}
