✓ Lockfile passes supply-chain policies (verified 14h ago)
Lockfile is up to date, resolution step is skipped
Progress: resolved 1, reused 0, downloaded 0, added 0
Packages: +81
++++++++++++++++++++++++++++++++++++++++++++++++++++++++++++++++++++++++++++++++
Packages are hard linked from the content-addressable store to the virtual store.
  Content-addressable store is at: C:\Users\chenm\AppData\Local\pnpm\store\v11
  Virtual store is at:             node_modules/.pnpm
Progress: resolved 81, reused 81, downloaded 0, added 22
Progress: resolved 81, reused 81, downloaded 0, added 60
Progress: resolved 81, reused 81, downloaded 0, added 80
Progress: resolved 81, reused 81, downloaded 0, added 81, done

devDependencies:
+ @types/node 24.10.0
+ @types/react 19.2.14
+ @types/react-dom 19.2.3
+ esbuild 0.25.12
+ onnxruntime-web 1.27.0
+ playwright 1.63.0
+ react 19.2.4
+ react-dom 19.2.4
+ typescript 5.9.3
+ vite 7.3.6
+ vitest 3.2.4

Done in 4.4s using pnpm v11.21.0
