{
  "scorer": {
    "commit": "12c8791b303e0a0b50f753af204249e622d0281a",
    "licenseSha256": "e7d2399dd1ce12eb5f5bb555f708bb0fdc1a95c1490cdb85b2f755b1a6b32019",
    "loadedFiles": {
      "trackeval/_timing.py": "8bd796826de1bd636d798795696bfe7e9bdc9c91baa4d753cb4283197dfadcd3",
      "trackeval/utils.py": "84f324de538b4364af2e4ec5b83966df0f260fd8adbfd6b20a386bfa9a0e48bb",
      "trackeval/datasets/_base_dataset.py": "f36c60dcb70d209c2145ab9408e2497eb3f7844b30f697cf7f42794205e3bf23",
      "trackeval/datasets/mot_challenge_2d_box.py": "e269f145caf4db54848412cc6b0ce9f0cb45787b28522ebaee4cdaeaae3aef44",
      "trackeval/metrics/_base_metric.py": "0f7a13d9a7465ff29a70e8f5ab33f884462bf19d941c7935d0a8a634bec736a2",
      "trackeval/metrics/identity.py": "9e38466a88fb88581a85a8aac7814ea4f95e2a6a3b95eb2a23481d929f536af2",
      "trackeval/metrics/clear.py": "da78468866f61ecf84e197446e630382e0c976ca1f47b70e1dd4904ab7ba598e"
    },
    "python": "3.11.15 (main, Jul 18 2026, 17:06:27) [MSC v.1944 64 bit (AMD64)]",
    "dependencies": {
      "numpy": "1.23.5",
      "scipy": "1.10.1"
    }
  },
  "protocol": {
    "dataset": "MotChallenge2DBox",
    "DO_PREPROC": true,
    "class": "pedestrian",
    "iouThreshold": 0.5
  },
  "base": {
    "sequences": {
      "MOT17-02-FRCNN": {
        "IDF1": 0.39450606655187603,
        "IDSW": 56,
        "MOTA": 0.32172649480652277,
        "FP": 179,
        "FN": 12368,
        "TP": 6213,
        "GT": 18581,
        "Frag": 89,
        "IDTP": 4926,
        "IDFP": 1466,
        "IDFN": 13655
      },
      "MOT17-04-FRCNN": {
        "IDF1": 0.6169159655844776,
        "IDSW": 42,
        "MOTA": 0.5297642828605673,
        "FP": 273,
        "FN": 22048,
        "TP": 25509,
        "GT": 47557,
        "Frag": 97,
        "IDTP": 22622,
        "IDFP": 3160,
        "IDFN": 24935
      },
      "MOT17-05-FRCNN": {
        "IDF1": 0.5013938287032587,
        "IDSW": 83,
        "MOTA": 0.4376174642185919,
        "FP": 188,
        "FN": 3619,
        "TP": 3298,
        "GT": 6917,
        "Frag": 104,
        "IDTP": 2608,
        "IDFP": 878,
        "IDFN": 4309
      },
      "MOT17-09-FRCNN": {
        "IDF1": 0.4875513657239546,
        "IDSW": 44,
        "MOTA": 0.4824413145539906,
        "FP": 168,
        "FN": 2544,
        "TP": 2781,
        "GT": 5325,
        "Frag": 60,
        "IDTP": 2017,
        "IDFP": 932,
        "IDFN": 3308
      },
      "MOT17-10-FRCNN": {
        "IDF1": 0.2276843467011643,
        "IDSW": 428,
        "MOTA": 0.36825297920398786,
        "FP": 1438,
        "FN": 6245,
        "TP": 6594,
        "GT": 12839,
        "Frag": 438,
        "IDTP": 2376,
        "IDFP": 5656,
        "IDFN": 10463
      },
      "MOT17-11-FRCNN": {
        "IDF1": 0.5040424121935057,
        "IDSW": 77,
        "MOTA": 0.4649215769393811,
        "FP": 595,
        "FN": 4377,
        "TP": 5059,
        "GT": 9436,
        "Frag": 117,
        "IDTP": 3803,
        "IDFP": 1851,
        "IDFN": 5633
      },
      "MOT17-13-FRCNN": {
        "IDF1": 0.330562556979675,
        "IDSW": 371,
        "MOTA": 0.3416938670331558,
        "FP": 1328,
        "FN": 5965,
        "TP": 5677,
        "GT": 11642,
        "Frag": 413,
        "IDTP": 3082,
        "IDFP": 3923,
        "IDFN": 8560
      }
    },
    "combined": {
      "IDF1": 0.48292219560948035,
      "IDSW": 1101,
      "MOTA": 0.4440100804117652,
      "FP": 4169,
      "FN": 57166,
      "TP": 55131,
      "GT": 112297,
      "Frag": 1318,
      "IDTP": 41434,
      "IDFP": 17866,
      "IDFN": 70863
    }
  },
  "cmc": {
    "sequences": {
      "MOT17-02-FRCNN": {
        "IDF1": 0.39529110274685675,
        "IDSW": 55,
        "MOTA": 0.3206501264732792,
        "FP": 190,
        "FN": 12378,
        "TP": 6203,
        "GT": 18581,
        "Frag": 91,
        "IDTP": 4936,
        "IDFP": 1457,
        "IDFN": 13645
      },
      "MOT17-04-FRCNN": {
        "IDF1": 0.6170166348513771,
        "IDSW": 42,
        "MOTA": 0.5299535294488719,
        "FP": 269,
        "FN": 22043,
        "TP": 25514,
        "GT": 47557,
        "Frag": 97,
        "IDTP": 22626,
        "IDFP": 3157,
        "IDFN": 24931
      },
      "MOT17-05-FRCNN": {
        "IDF1": 0.5611276248921278,
        "IDSW": 40,
        "MOTA": 0.4718808732109296,
        "FP": 104,
        "FN": 3509,
        "TP": 3408,
        "GT": 6917,
        "Frag": 79,
        "IDTP": 2926,
        "IDFP": 586,
        "IDFN": 3991
      },
      "MOT17-09-FRCNN": {
        "IDF1": 0.45274353396180805,
        "IDSW": 45,
        "MOTA": 0.49690140845070424,
        "FP": 129,
        "FN": 2505,
        "TP": 2820,
        "GT": 5325,
        "Frag": 59,
        "IDTP": 1873,
        "IDFP": 1076,
        "IDFN": 3452
      },
      "MOT17-10-FRCNN": {
        "IDF1": 0.49856623972471803,
        "IDSW": 134,
        "MOTA": 0.48220266375885973,
        "FP": 880,
        "FN": 5634,
        "TP": 7205,
        "GT": 12839,
        "Frag": 276,
        "IDTP": 5216,
        "IDFP": 2869,
        "IDFN": 7623
      },
      "MOT17-11-FRCNN": {
        "IDF1": 0.6066256695100178,
        "IDSW": 33,
        "MOTA": 0.5555320050869013,
        "FP": 206,
        "FN": 3955,
        "TP": 5481,
        "GT": 9436,
        "Frag": 51,
        "IDTP": 4587,
        "IDFP": 1100,
        "IDFN": 4849
      },
      "MOT17-13-FRCNN": {
        "IDF1": 0.5045637868817661,
        "IDSW": 170,
        "MOTA": 0.4363511424153925,
        "FP": 976,
        "FN": 5416,
        "TP": 6226,
        "GT": 11642,
        "Frag": 312,
        "IDTP": 4754,
        "IDFP": 2448,
        "IDFN": 6888
      }
    },
    "combined": {
      "IDF1": 0.5458501058705819,
      "IDSW": 519,
      "MOTA": 0.47716323677391204,
      "FP": 2754,
      "FN": 55440,
      "TP": 56857,
      "GT": 112297,
      "Frag": 965,
      "IDTP": 46918,
      "IDFP": 12693,
      "IDFN": 65379
    }
  },
  "cmc-reid": {
    "sequences": {
      "MOT17-02-FRCNN": {
        "IDF1": 0.3985907598686844,
        "IDSW": 49,
        "MOTA": 0.31946612130671115,
        "FP": 206,
        "FN": 12390,
        "TP": 6191,
        "GT": 18581,
        "Frag": 88,
        "IDTP": 4978,
        "IDFP": 1419,
        "IDFN": 13603
      },
      "MOT17-04-FRCNN": {
        "IDF1": 0.6170166348513771,
        "IDSW": 42,
        "MOTA": 0.5299535294488719,
        "FP": 269,
        "FN": 22043,
        "TP": 25514,
        "GT": 47557,
        "Frag": 97,
        "IDTP": 22626,
        "IDFP": 3157,
        "IDFN": 24931
      },
      "MOT17-05-FRCNN": {
        "IDF1": 0.5626618084188321,
        "IDSW": 44,
        "MOTA": 0.4692785889836634,
        "FP": 111,
        "FN": 3516,
        "TP": 3401,
        "GT": 6917,
        "Frag": 81,
        "IDTP": 2934,
        "IDFP": 578,
        "IDFN": 3983
      },
      "MOT17-09-FRCNN": {
        "IDF1": 0.4659090909090909,
        "IDSW": 36,
        "MOTA": 0.49971830985915494,
        "FP": 125,
        "FN": 2503,
        "TP": 2822,
        "GT": 5325,
        "Frag": 58,
        "IDTP": 1927,
        "IDFP": 1020,
        "IDFN": 3398
      },
      "MOT17-10-FRCNN": {
        "IDF1": 0.5171160833811437,
        "IDSW": 133,
        "MOTA": 0.4869538126022276,
        "FP": 846,
        "FN": 5608,
        "TP": 7231,
        "GT": 12839,
        "Frag": 289,
        "IDTP": 5408,
        "IDFP": 2669,
        "IDFN": 7431
      },
      "MOT17-11-FRCNN": {
        "IDF1": 0.6060966739403557,
        "IDSW": 34,
        "MOTA": 0.554366256888512,
        "FP": 211,
        "FN": 3960,
        "TP": 5476,
        "GT": 9436,
        "Frag": 49,
        "IDTP": 4583,
        "IDFP": 1104,
        "IDFN": 4853
      },
      "MOT17-13-FRCNN": {
        "IDF1": 0.5430723530659877,
        "IDSW": 151,
        "MOTA": 0.4403882494416767,
        "FP": 966,
        "FN": 5398,
        "TP": 6244,
        "GT": 11642,
        "Frag": 308,
        "IDTP": 5119,
        "IDFP": 2091,
        "IDFN": 6523
      }
    },
    "combined": {
      "IDF1": 0.5534872898609737,
      "IDSW": 489,
      "MOTA": 0.4778043937059761,
      "FP": 2734,
      "FN": 55418,
      "TP": 56879,
      "GT": 112297,
      "Frag": 970,
      "IDTP": 47575,
      "IDFP": 12038,
      "IDFN": 64722
    }
  }
}
