开始模型帧1
模型帧1通过
开始模型帧2
模型帧2通过
开始模型帧3
模型帧3通过
开始模型帧1
模型帧1通过
开始模型帧2
模型帧2通过
开始模型帧1
模型帧1通过
{
  "checks": [
    "默认框/向量模式无模型/ORT请求",
    "真实MS/WASM生产会话、同尺寸换图保持ID、语言不复位、非法JSON不推进",
    "390px中英文无横向溢出（桌面视口）",
    "模型下载挂起时取消，失败任务不推进，重复开始禁用",
    "真实HF/WebGPU生产会话、来源/后端切换复位、复位后可重跑、清理保留其他缓存"
  ],
  "runs": [
    {
      "source": "modelscope",
      "backend": "wasm",
      "frames": 2
    },
    {
      "source": "huggingface",
      "backend": "webgpu",
      "frames": 2
    }
  ]
}
